<html>
<body>
<pre>
<h1>µVision Build Log</h1>
<h2>Tool Versions:</h2>
IDE-Version: ¦ÌVision V5.24.2.0
Copyright (C) 2017 ARM Ltd and ARM Germany GmbH. All rights reserved.
License Information: 1 Administrator, 1, LIC=32B1Q-NUMDN-45MT5-GSCT6-ESB4L-45YCX
 
Tool Versions:
Toolchain:       MDK-ARM Plus  Version: 5.24.1
Toolchain Path:  D:\keil\ARM\ARMCC\Bin
C Compiler:      Armcc.exe V5.06 update 5 (build 528)
Assembler:       Armasm.exe V5.06 update 5 (build 528)
Linker/Locator:  ArmLink.exe V5.06 update 5 (build 528)
Library Manager: ArmAr.exe V5.06 update 5 (build 528)
Hex Converter:   FromElf.exe V5.06 update 5 (build 528)
CPU DLL:         SARMCM3.DLL V5.24.1
Dialog DLL:      DCM.DLL V1.16.0.0
Target DLL:      CMSIS_AGDI.dll V1.28.3.0
Dialog DLL:      TCM.DLL V1.32.0.0
 
<h2>Project:</h2>
E:\github\The-Divine-Program\2.Code\AT32F435CGU7_WorkBench\project\MDK_V5\AT32F435CGU7_WorkBench.uvprojx
Project File Date:  05/16/2025

<h2>Output:</h2>
*** Using Compiler 'V5.06 update 5 (build 528)', folder: 'D:\keil\ARM\ARMCC\Bin'
Build target 'AT32F435CGU7_WorkBench'
assembling startup_at32f435_437.s...
compiling at32f435_437_debug.c...
compiling at32f435_437_crm.c...
compiling at32f435_437_int.c...
compiling at32f435_437_spi.c...
compiling at32f435_437_gpio.c...
compiling at32f435_437_flash.c...
compiling wk_qspi.c...
compiling at32f435_437_qspi.c...
compiling at32f435_437_misc.c...
compiling main.c...
compiling wk_i2s.c...
compiling at32f435_437_pwc.c...
compiling wk_system.c...
compiling at32f435_437_wk_config.c...
compiling system_at32f435_437.c...
linking...
Program Size: Code=4200 RO-data=616 RW-data=8 ZI-data=1632  
FromELF: creating hex file...
".\objects\AT32F435CGU7_WorkBench.axf" - 0 Error(s), 0 Warning(s).

<h2>Software Packages used:</h2>

Package Vendor: ArteryTek
                
                ArteryTek.AT32F435_437_DFP.2.2.3
                ArteryTek AT32F4 Series Device Support,Drivers

<h2>Collection of Component include folders:</h2>
  .\RTE\_AT32F435CGU7_WorkBench
  D:\keil\ARM\PACK\ArteryTek\AT32F435_437_DFP\2.2.3\Device\Include

<h2>Collection of Component Files used:</h2>
Build Time Elapsed:  00:00:01
</pre>
</body>
</html>
